
> frontend@0.0.0 build
> vite build

[36mvite v8.0.2 [32mbuilding client environment for production...[36m[39m
[2Ktransforming...✓ 2131 modules transformed.
rendering chunks...
[31m✗[39m Build failed in 3.76s
[31merror during build:
[31mBuild failed with 4 errors:

[31m[MISSING_EXPORT] Error:[0m "Github" is not exported by "node_modules/lucide-react/dist/esm/lucide-react.js".
   [38;5;246m╭[0m[38;5;246m─[0m[38;5;246m[[0m src/components/Footer.jsx:2:10 [38;5;246m][0m
   [38;5;246m│[0m
 [38;5;246m2 │[0m [38;5;249mi[0m[38;5;249mm[0m[38;5;249mp[0m[38;5;249mo[0m[38;5;249mr[0m[38;5;249mt[0m[38;5;249m [0m[38;5;249m{[0m[38;5;249m [0mGithub[38;5;249m,[0m[38;5;249m [0m[38;5;249mL[0m[38;5;249mi[0m[38;5;249mn[0m[38;5;249mk[0m[38;5;249me[0m[38;5;249md[0m[38;5;249mi[0m[38;5;249mn[0m[38;5;249m,[0m[38;5;249m [0m[38;5;249mT[0m[38;5;249mw[0m[38;5;249mi[0m[38;5;249mt[0m[38;5;249mt[0m[38;5;249me[0m[38;5;249mr[0m[38;5;249m,[0m[38;5;249m [0m[38;5;249mM[0m[38;5;249ma[0m[38;5;249mi[0m[38;5;249ml[0m[38;5;249m [0m[38;5;249m}[0m[38;5;249m [0m[38;5;249mf[0m[38;5;249mr[0m[38;5;249mo[0m[38;5;249mm[0m[38;5;249m [0m[38;5;249m"[0m[38;5;249ml[0m[38;5;249mu[0m[38;5;249mc[0m[38;5;249mi[0m[38;5;249md[0m[38;5;249me[0m[38;5;249m-[0m[38;5;249mr[0m[38;5;249me[0m[38;5;249ma[0m[38;5;249mc[0m[38;5;249mt[0m[38;5;249m"[0m[38;5;249m;[0m
 [38;5;240m  │[0m          ───┬──  
 [38;5;240m  │[0m             ╰──── Missing export
[38;5;246m───╯[0m

[31m[MISSING_EXPORT] Error:[0m "Linkedin" is not exported by "node_modules/lucide-react/dist/esm/lucide-react.js".
   [38;5;246m╭[0m[38;5;246m─[0m[38;5;246m[[0m src/components/Footer.jsx:2:18 [38;5;246m][0m
   [38;5;246m│[0m
 [38;5;246m2 │[0m [38;5;249mi[0m[38;5;249mm[0m[38;5;249mp[0m[38;5;249mo[0m[38;5;249mr[0m[38;5;249mt[0m[38;5;249m [0m[38;5;249m{[0m[38;5;249m [0m[38;5;249mG[0m[38;5;249mi[0m[38;5;249mt[0m[38;5;249mh[0m[38;5;249mu[0m[38;5;249mb[0m[38;5;249m,[0m[38;5;249m [0mLinkedin[38;5;249m,[0m[38;5;249m [0m[38;5;249mT[0m[38;5;249mw[0m[38;5;249mi[0m[38;5;249mt[0m[38;5;249mt[0m[38;5;249me[0m[38;5;249mr[0m[38;5;249m,[0m[38;5;249m [0m[38;5;249mM[0m[38;5;249ma[0m[38;5;249mi[0m[38;5;249ml[0m[38;5;249m [0m[38;5;249m}[0m[38;5;249m [0m[38;5;249mf[0m[38;5;249mr[0m[38;5;249mo[0m[38;5;249mm[0m[38;5;249m [0m[38;5;249m"[0m[38;5;249ml[0m[38;5;249mu[0m[38;5;249mc[0m[38;5;249mi[0m[38;5;249md[0m[38;5;249me[0m[38;5;249m-[0m[38;5;249mr[0m[38;5;249me[0m[38;5;249ma[0m[38;5;249mc[0m[38;5;249mt[0m[38;5;249m"[0m[38;5;249m;[0m
 [38;5;240m  │[0m                  ────┬───  
 [38;5;240m  │[0m                      ╰───── Missing export
[38;5;246m───╯[0m

[31m[MISSING_EXPORT] Error:[0m "Twitter" is not exported by "node_modules/lucide-react/dist/esm/lucide-react.js".
   [38;5;246m╭[0m[38;5;246m─[0m[38;5;246m[[0m src/components/Footer.jsx:2:28 [38;5;246m][0m
   [38;5;246m│[0m
 [38;5;246m2 │[0m [38;5;249mi[0m[38;5;249mm[0m[38;5;249mp[0m[38;5;249mo[0m[38;5;249mr[0m[38;5;249mt[0m[38;5;249m [0m[38;5;249m{[0m[38;5;249m [0m[38;5;249mG[0m[38;5;249mi[0m[38;5;249mt[0m[38;5;249mh[0m[38;5;249mu[0m[38;5;249mb[0m[38;5;249m,[0m[38;5;249m [0m[38;5;249mL[0m[38;5;249mi[0m[38;5;249mn[0m[38;5;249mk[0m[38;5;249me[0m[38;5;249md[0m[38;5;249mi[0m[38;5;249mn[0m[38;5;249m,[0m[38;5;249m [0mTwitter[38;5;249m,[0m[38;5;249m [0m[38;5;249mM[0m[38;5;249ma[0m[38;5;249mi[0m[38;5;249ml[0m[38;5;249m [0m[38;5;249m}[0m[38;5;249m [0m[38;5;249mf[0m[38;5;249mr[0m[38;5;249mo[0m[38;5;249mm[0m[38;5;249m [0m[38;5;249m"[0m[38;5;249ml[0m[38;5;249mu[0m[38;5;249mc[0m[38;5;249mi[0m[38;5;249md[0m[38;5;249me[0m[38;5;249m-[0m[38;5;249mr[0m[38;5;249me[0m[38;5;249ma[0m[38;5;249mc[0m[38;5;249mt[0m[38;5;249m"[0m[38;5;249m;[0m
 [38;5;240m  │[0m                            ───┬───  
 [38;5;240m  │[0m                               ╰───── Missing export
[38;5;246m───╯[0m

[31m[MISSING_EXPORT] Error:[0m "Github" is not exported by "node_modules/lucide-react/dist/esm/lucide-react.js".
   [38;5;246m╭[0m[38;5;246m─[0m[38;5;246m[[0m src/pages/ProjectDetails.jsx:4:21 [38;5;246m][0m
   [38;5;246m│[0m
 [38;5;246m4 │[0m [38;5;249mi[0m[38;5;249mm[0m[38;5;249mp[0m[38;5;249mo[0m[38;5;249mr[0m[38;5;249mt[0m[38;5;249m [0m[38;5;249m{[0m[38;5;249m [0m[38;5;249mA[0m[38;5;249mr[0m[38;5;249mr[0m[38;5;249mo[0m[38;5;249mw[0m[38;5;249mL[0m[38;5;249me[0m[38;5;249mf[0m[38;5;249mt[0m[38;5;249m,[0m[38;5;249m [0mGithub[38;5;249m,[0m[38;5;249m [0m[38;5;249mP[0m[38;5;249ml[0m[38;5;249ma[0m[38;5;249my[0m[38;5;249mC[0m[38;5;249mi[0m[38;5;249mr[0m[38;5;249mc[0m[38;5;249ml[0m[38;5;249me[0m[38;5;249m,[0m[38;5;249m [0m[38;5;249mE[0m[38;5;249mx[0m[38;5;249mt[0m[38;5;249me[0m[38;5;249mr[0m[38;5;249mn[0m[38;5;249ma[0m[38;5;249ml[0m[38;5;249mL[0m[38;5;249mi[0m[38;5;249mn[0m[38;5;249mk[0m[38;5;249m,[0m[38;5;249m [0m[38;5;249mM[0m[38;5;249ma[0m[38;5;249mi[0m[38;5;249ml[0m[38;5;249m [0m[38;5;249m}[0m[38;5;249m [0m[38;5;249mf[0m[38;5;249mr[0m[38;5;249mo[0m[38;5;249mm[0m[38;5;249m [0m[38;5;249m"[0m[38;5;249ml[0m[38;5;249mu[0m[38;5;249mc[0m[38;5;249mi[0m[38;5;249md[0m[38;5;249me[0m[38;5;249m-[0m[38;5;249mr[0m[38;5;249me[0m[38;5;249ma[0m[38;5;249mc[0m[38;5;249mt[0m[38;5;249m"[0m[38;5;249m;[0m
 [38;5;240m  │[0m                     ───┬──  
 [38;5;240m  │[0m                        ╰──── Missing export
[38;5;246m───╯[0m
[31m
    at aggregateBindingErrorsIntoJsError (file:///C:/Users/ACER/Documents/web%20dev/Portfolio/frontend/node_modules/rolldown/dist/shared/error-D8cGyrC7.mjs:48:18)
    at unwrapBindingResult (file:///C:/Users/ACER/Documents/web%20dev/Portfolio/frontend/node_modules/rolldown/dist/shared/error-D8cGyrC7.mjs:18:128)
    at #build (file:///C:/Users/ACER/Documents/web%20dev/Portfolio/frontend/node_modules/rolldown/dist/shared/rolldown-build-CL9PyQ2E.mjs:3313:34)
    at async buildEnvironment (file:///C:/Users/ACER/Documents/web%20dev/Portfolio/frontend/node_modules/vite/dist/node/chunks/node.js:32829:64)
    at async Object.build (file:///C:/Users/ACER/Documents/web%20dev/Portfolio/frontend/node_modules/vite/dist/node/chunks/node.js:33251:19)
    at async Object.buildApp (file:///C:/Users/ACER/Documents/web%20dev/Portfolio/frontend/node_modules/vite/dist/node/chunks/node.js:33248:153)
    at async CAC.<anonymous> (file:///C:/Users/ACER/Documents/web%20dev/Portfolio/frontend/node_modules/vite/dist/node/cli.js:778:3) {
  errors: [Getter/Setter]
}[39m
